javac : src\main\java\com\gp2
7\amis\datastructures\LinkedL
ist.java:458: error: method 
does not override or 
implement a method from a 
supertype
At line:1 char:1
+ javac -Xdiags:verbose -d 
bin -cp bin src/main/java/com
/gp27/amis/data ...
+ ~~~~~~~~~~~~~~~~~~~~~~~~~~~
~~~~~~~~~~~~~~~~~~~~~~~~~~~~~
~~~~~~~~~~~~~
    + CategoryInfo           
   : NotSpecified: (src\mai  
  n\java\c...rom a superty   
 pe:String) [], RemoteExc    
eption
    + FullyQualifiedErrorId  
   : NativeCommandError
 
    @Override
    ^
src\main\java\com\gp27\amis\d
atastructures\LinkedList.java
:466: error: method does not 
override or implement a 
method from a supertype
    @Override
    ^
src\main\java\com\gp27\amis\d
atastructures\LinkedList.java
:474: error: method does not 
override or implement a 
method from a supertype
    @Override
    ^
src\main\java\com\gp27\amis\d
atastructures\LinkedList.java
:479: error: method does not 
override or implement a 
method from a supertype
    @Override
    ^
src\main\java\com\gp27\amis\d
atastructures\LinkedList.java
:487: error: method does not 
override or implement a 
method from a supertype
    @Override
    ^
src\main\java\com\gp27\amis\d
atastructures\LinkedList.java
:495: error: method does not 
override or implement a 
method from a supertype
    @Override
    ^
src\main\java\com\gp27\amis\d
atastructures\LinkedList.java
:500: error: method does not 
override or implement a 
method from a supertype
    @Override
    ^
7 errors
